[]

{
    "m_Anchors": {
        "1": {
            "m_Name": "PlayerSpawn",
            "m_AnchorData": {
                "T": 678186780,
                "D": {
                    "m_Team": 1
                }
            },
            "m_GUID": 1245387701,
            "m_X": 145,
            "m_Y": -16,
            "m_Sprite": ""
        },
        "0": {
            "m_Y": -16,
            "m_Sprite": "",
            "m_GUID": 2529306946,
            "m_AnchorData": {
                "D": {
                    "m_Team": 0
                },
                "T": 678186780
            },
            "m_Name": "PlayerSpawnTest",
            "m_X": -80
        }
    },
    "m_Paths": { },
    "m_EntityLayers": { },
    "m_ParallaxLayers": { },
    "m_ServerObjectLayers": { },
    "m_ManualTileLayers": { },
    "m_PathfindingInfo": {
        "m_CalculatedInfo": {
            "m_Surfaces": [{"m_EndConnections2":0,"m_Clearance":200,"m_StartConnections2":0,"m_P2":{"y":-16,"x":15},"m_P1":{"y":-16,"x":0},"m_StartConnections1":0,"m_EndConnections1":0},{"m_EndConnections2":0,"m_Clearance":200,"m_StartConnections2":0,"m_P2":{"y":-48,"x":31},"m_P1":{"y":-48,"x":16},"m_StartConnections1":0,"m_EndConnections1":0}],
            "m_Id": 1982792571,
            "m_Connections": []
        }
    }
}